[     378ms] [INFO] %cDownload the React DevTools for a better development experience: https://reactjs.org/link/react-devtools font-weight:bold @ http://localhost:3000/node_modules/.vite/deps/chunk-PQUBWG3Q.js?v=7b625a28:21548
[     505ms] [WARNING] ⚠️ React Router Future Flag Warning: React Router will begin wrapping state updates in `React.startTransition` in v7. You can use the `v7_startTransition` future flag to opt-in early. For more information, see https://reactrouter.com/v6/upgrading/future#v7_starttransition. @ http://localhost:3000/node_modules/.vite/deps/react-router-dom.js?v=9b464269:4424
[     505ms] [WARNING] ⚠️ React Router Future Flag Warning: Relative route resolution within Splat routes is changing in v7. You can use the `v7_relativeSplatPath` future flag to opt-in early. For more information, see https://reactrouter.com/v6/upgrading/future#v7_relativesplatpath. @ http://localhost:3000/node_modules/.vite/deps/react-router-dom.js?v=9b464269:4424
[     553ms] [VERBOSE] [DOM] Input elements should have autocomplete attributes (suggested: "current-password"): (More info: https://goo.gl/9p2vKq) %o @ http://localhost:3000/login:0
[     717ms] [WARNING] [GSI_LOGGER]: google.accounts.id.initialize() is called multiple times. This could cause unexpected behavior and only the last initialized instance will be used. @ https://accounts.google.com/gsi/client:86
[     837ms] [ERROR] Failed to load resource: the server responded with a status of 403 () @ https://accounts.google.com/gsi/button?theme=outline&size=large&width=384&text=signin_with&is_fedcm_supported=true&client_id=229711706872-4f44girq9tt1bbrpoifmc7rc8s2qp2d6.apps.googleusercontent.com&iframe_id=gsi_687557_428013&cas=bB0irY%2BqVZJclAsLhbEcMetNh02C8XtFjPIMAU1bO20&hl=es:0
[     873ms] [ERROR] [GSI_LOGGER]: The given origin is not allowed for the given client ID. @ https://ssl.gstatic.com/_/gsi/_/js/k=gsi.gsi.es.1VCmNegQPO0.O/am=AAAAAAkC2AIC/d=1/rs=AF0KOtXH0u1vxE1vDJ6LMlNSi1yANtn23A/m=credential_button_library:87
[    8618ms] [ERROR] Failed to load resource: the server responded with a status of 401 (Unauthorized) @ http://localhost:8000/api/v1/auth/login:0
[  850083ms] [INFO] %cDownload the React DevTools for a better development experience: https://reactjs.org/link/react-devtools font-weight:bold @ http://localhost:3000/node_modules/.vite/deps/chunk-PQUBWG3Q.js?v=7b625a28:21548
[  850131ms] [WARNING] ⚠️ React Router Future Flag Warning: React Router will begin wrapping state updates in `React.startTransition` in v7. You can use the `v7_startTransition` future flag to opt-in early. For more information, see https://reactrouter.com/v6/upgrading/future#v7_starttransition. @ http://localhost:3000/node_modules/.vite/deps/react-router-dom.js?v=9b464269:4424
[  850131ms] [WARNING] ⚠️ React Router Future Flag Warning: Relative route resolution within Splat routes is changing in v7. You can use the `v7_relativeSplatPath` future flag to opt-in early. For more information, see https://reactrouter.com/v6/upgrading/future#v7_relativesplatpath. @ http://localhost:3000/node_modules/.vite/deps/react-router-dom.js?v=9b464269:4424
[ 1004155ms] [LOG] [vite] server connection lost. Polling for restart... @ http://localhost:3000/@vite/client:559
[ 1005704ms] [INFO] %cDownload the React DevTools for a better development experience: https://reactjs.org/link/react-devtools font-weight:bold @ http://localhost:3000/node_modules/.vite/deps/chunk-PQUBWG3Q.js?v=7b625a28:21548
[19214961ms] [WARNING] ⚠️ React Router Future Flag Warning: React Router will begin wrapping state updates in `React.startTransition` in v7. You can use the `v7_startTransition` future flag to opt-in early. For more information, see https://reactrouter.com/v6/upgrading/future#v7_starttransition. @ http://localhost:3000/node_modules/.vite/deps/react-router-dom.js?v=9b464269:4424
[19214962ms] [WARNING] ⚠️ React Router Future Flag Warning: Relative route resolution within Splat routes is changing in v7. You can use the `v7_relativeSplatPath` future flag to opt-in early. For more information, see https://reactrouter.com/v6/upgrading/future#v7_relativesplatpath. @ http://localhost:3000/node_modules/.vite/deps/react-router-dom.js?v=9b464269:4424
[19214980ms] [LOG] [vite] server connection lost. Polling for restart... @ http://localhost:3000/@vite/client:559
[102547553ms] [INFO] %cDownload the React DevTools for a better development experience: https://reactjs.org/link/react-devtools font-weight:bold @ http://localhost:3000/node_modules/.vite/deps/chunk-PQUBWG3Q.js?v=7b625a28:21548
[102547625ms] [WARNING] ⚠️ React Router Future Flag Warning: React Router will begin wrapping state updates in `React.startTransition` in v7. You can use the `v7_startTransition` future flag to opt-in early. For more information, see https://reactrouter.com/v6/upgrading/future#v7_starttransition. @ http://localhost:3000/node_modules/.vite/deps/react-router-dom.js?v=9b464269:4424
[102547625ms] [WARNING] ⚠️ React Router Future Flag Warning: Relative route resolution within Splat routes is changing in v7. You can use the `v7_relativeSplatPath` future flag to opt-in early. For more information, see https://reactrouter.com/v6/upgrading/future#v7_relativesplatpath. @ http://localhost:3000/node_modules/.vite/deps/react-router-dom.js?v=9b464269:4424
[102548032ms] [ERROR] Failed to load resource: the server responded with a status of 401 (Unauthorized) @ http://localhost:8000/api/v1/auth/me:0
[102548042ms] [ERROR] Failed to load resource: the server responded with a status of 401 (Unauthorized) @ http://localhost:8000/api/v1/auth/me:0
[102548301ms] [INFO] %cDownload the React DevTools for a better development experience: https://reactjs.org/link/react-devtools font-weight:bold @ http://localhost:3000/node_modules/.vite/deps/chunk-PQUBWG3Q.js?v=7b625a28:21548
[102548419ms] [WARNING] ⚠️ React Router Future Flag Warning: React Router will begin wrapping state updates in `React.startTransition` in v7. You can use the `v7_startTransition` future flag to opt-in early. For more information, see https://reactrouter.com/v6/upgrading/future#v7_starttransition. @ http://localhost:3000/node_modules/.vite/deps/react-router-dom.js?v=9b464269:4424
[102548419ms] [WARNING] ⚠️ React Router Future Flag Warning: Relative route resolution within Splat routes is changing in v7. You can use the `v7_relativeSplatPath` future flag to opt-in early. For more information, see https://reactrouter.com/v6/upgrading/future#v7_relativesplatpath. @ http://localhost:3000/node_modules/.vite/deps/react-router-dom.js?v=9b464269:4424
[102548465ms] [VERBOSE] [DOM] Input elements should have autocomplete attributes (suggested: "current-password"): (More info: https://goo.gl/9p2vKq) %o @ http://localhost:3000/login:0
[102548659ms] [WARNING] [GSI_LOGGER]: google.accounts.id.initialize() is called multiple times. This could cause unexpected behavior and only the last initialized instance will be used. @ https://accounts.google.com/gsi/client:86
[102548784ms] [ERROR] Failed to load resource: the server responded with a status of 403 () @ https://accounts.google.com/gsi/button?theme=outline&size=large&width=384&text=signin_with&is_fedcm_supported=true&client_id=229711706872-4f44girq9tt1bbrpoifmc7rc8s2qp2d6.apps.googleusercontent.com&iframe_id=gsi_235501_346300&cas=zTtUpHPOBNRQYZDzCJrM6RQVArYLX%2FLrfA1Ki5CnA3U&hl=es:0
[102548825ms] [ERROR] [GSI_LOGGER]: The given origin is not allowed for the given client ID. @ https://ssl.gstatic.com/_/gsi/_/js/k=gsi.gsi.es.1VCmNegQPO0.O/am=AAAAAAkC2AIC/d=1/rs=AF0KOtXH0u1vxE1vDJ6LMlNSi1yANtn23A/m=credential_button_library:87
[103886377ms] [INFO] %cDownload the React DevTools for a better development experience: https://reactjs.org/link/react-devtools font-weight:bold @ http://localhost:3000/node_modules/.vite/deps/chunk-PQUBWG3Q.js?v=7b625a28:21548
[103886595ms] [WARNING] ⚠️ React Router Future Flag Warning: React Router will begin wrapping state updates in `React.startTransition` in v7. You can use the `v7_startTransition` future flag to opt-in early. For more information, see https://reactrouter.com/v6/upgrading/future#v7_starttransition. @ http://localhost:3000/node_modules/.vite/deps/react-router-dom.js?v=9b464269:4424
[103886595ms] [WARNING] ⚠️ React Router Future Flag Warning: Relative route resolution within Splat routes is changing in v7. You can use the `v7_relativeSplatPath` future flag to opt-in early. For more information, see https://reactrouter.com/v6/upgrading/future#v7_relativesplatpath. @ http://localhost:3000/node_modules/.vite/deps/react-router-dom.js?v=9b464269:4424
[103886616ms] [VERBOSE] [DOM] Input elements should have autocomplete attributes (suggested: "current-password"): (More info: https://goo.gl/9p2vKq) %o @ http://localhost:3000/login:0
[103886655ms] [WARNING] [GSI_LOGGER]: google.accounts.id.initialize() is called multiple times. This could cause unexpected behavior and only the last initialized instance will be used. @ https://accounts.google.com/gsi/client:86
[103886743ms] [ERROR] Failed to load resource: the server responded with a status of 403 () @ https://accounts.google.com/gsi/button?theme=outline&size=large&width=384&text=signin_with&is_fedcm_supported=true&client_id=229711706872-4f44girq9tt1bbrpoifmc7rc8s2qp2d6.apps.googleusercontent.com&iframe_id=gsi_573504_307617&cas=FjV65Pc%2Bet6%2FaoMBD%2BCFl2bgoeSNoNw2YEVVhhvREmM&hl=es:0
[103886781ms] [ERROR] [GSI_LOGGER]: The given origin is not allowed for the given client ID. @ https://ssl.gstatic.com/_/gsi/_/js/k=gsi.gsi.es.1VCmNegQPO0.O/am=AAAAAAkC2AIC/d=1/rs=AF0KOtXH0u1vxE1vDJ6LMlNSi1yANtn23A/m=credential_button_library:87
[103927287ms] [ERROR] Failed to load resource: the server responded with a status of 404 (Not Found) @ http://localhost:3000/src/components/SeverityCellFlip.jsx?t=1781484614019:0
[103927290ms] [ERROR] [hmr] Failed to reload /src/components/SeverityCellFlip.jsx. This could be due to syntax errors or importing non-existent modules. (see errors above) @ http://localhost:3000/@vite/client:175
[103928286ms] [INFO] %cDownload the React DevTools for a better development experience: https://reactjs.org/link/react-devtools font-weight:bold @ http://localhost:3000/node_modules/.vite/deps/chunk-PQUBWG3Q.js?v=7b625a28:21548
[103928523ms] [WARNING] ⚠️ React Router Future Flag Warning: React Router will begin wrapping state updates in `React.startTransition` in v7. You can use the `v7_startTransition` future flag to opt-in early. For more information, see https://reactrouter.com/v6/upgrading/future#v7_starttransition. @ http://localhost:3000/node_modules/.vite/deps/react-router-dom.js?v=9b464269:4424
[103928523ms] [WARNING] ⚠️ React Router Future Flag Warning: Relative route resolution within Splat routes is changing in v7. You can use the `v7_relativeSplatPath` future flag to opt-in early. For more information, see https://reactrouter.com/v6/upgrading/future#v7_relativesplatpath. @ http://localhost:3000/node_modules/.vite/deps/react-router-dom.js?v=9b464269:4424
[103928530ms] [VERBOSE] [DOM] Input elements should have autocomplete attributes (suggested: "current-password"): (More info: https://goo.gl/9p2vKq) %o @ http://localhost:3000/login:0
[103928570ms] [WARNING] [GSI_LOGGER]: google.accounts.id.initialize() is called multiple times. This could cause unexpected behavior and only the last initialized instance will be used. @ https://accounts.google.com/gsi/client:86
[103928694ms] [ERROR] Failed to load resource: the server responded with a status of 403 () @ https://accounts.google.com/gsi/button?theme=outline&size=large&width=384&text=signin_with&is_fedcm_supported=true&client_id=229711706872-4f44girq9tt1bbrpoifmc7rc8s2qp2d6.apps.googleusercontent.com&iframe_id=gsi_615426_240981&cas=8hPzwTJwsPs7Z1ryLMEdBu%2BVOOhfhy8NET8fgIVJWD0&hl=es:0
[103928725ms] [ERROR] [GSI_LOGGER]: The given origin is not allowed for the given client ID. @ https://ssl.gstatic.com/_/gsi/_/js/k=gsi.gsi.es.1VCmNegQPO0.O/am=AAAAAAkC2AIC/d=1/rs=AF0KOtXH0u1vxE1vDJ6LMlNSi1yANtn23A/m=credential_button_library:87
